

 ETABS Ultimate 64-bit 21.0.0 Build 3143 (Analysis Build 9932/64)
 File: C:\Users\Lenovo24\Desktop\ETABS\P1\BEAM4.LOG




 B E G I N   A N A L Y S I S                                2026/04/22  10:41:06


 RUNNING ANALYSIS AS A SEPARATE PROCESS
 USING THE ADVANCED SOLVER (PROVIDES LIMITED INSTABILITY INFORMATION)

 NUMBER OF JOINTS                          =          72
    WITH RESTRAINTS                        =          20
    WITH MASS                              =          72
 NUMBER OF FRAME/TENDON ELEMENTS           =         145
 NUMBER OF LOAD PATTERNS                   =           3
 NUMBER OF ACCELERATION LOADS              =           9
 NUMBER OF LOAD CASES                      =           4
 NUMBER OF MASS SOURCES                    =           1

 UNITS (FORCE, LENGTH, TEMPERATURE, TIME)  = lb, in, °F, sec
 GRAVITATIONAL ACCELERATION                =  386.088583

 ADDRESSABLE PHYSICAL MEMORY (RAM)         =      15.683 GB

 PARALLELIZATION OF ANALYSIS OPERATIONS:
  (Env. variable SAPFIRE_NUM_THREADS not set)
 NUMBER OF THREADS: STATE (AUTOMATIC)      =          12
 NUMBER OF THREADS: STIFFNESS (AUTOMATIC)  =          12
 NUMBER OF THREADS: EVENT (AUTOMATIC)      =          12
 NUMBER OF THREADS: MOVE (AUTOMATIC)       =          12
 NUMBER OF THREADS: RESPONSE (AUTOMATIC)   =          12
 NUMBER OF THREADS: SOLVE (AUTOMATIC)      =          12
 NUMBER OF THREADS: FORM (AUTOMATIC)       =          12


 E L E M E N T   F O R M A T I O N                                      10:41:06



 L I N E A R   E Q U A T I O N   S O L U T I O N                        10:41:06

 FORMING STIFFNESS AT ZERO (UNSTRESSED) INITIAL CONDITIONS

 TOTAL NUMBER OF EQUILIBRIUM EQUATIONS     =         312
 NUMBER OF NON-ZERO STIFFNESS TERMS        =        4584

 ---------------------------------
 BASIC STABILITY CHECK FOR LINEAR LOAD CASES:
    NUMBER OF NEGATIVE STIFFNESS EIGENVALUES SHOULD BE ZERO FOR STABILITY.
    (NOTE: FURTHER CHECKS SHOULD BE CONSIDERED AS DEEMED NECESSARY,
     SUCH AS REVIEWING EIGEN MODES FOR MECHANISMS AND RIGID-BODY MOTION)

    NUMBER OF NEGATIVE EIGENVALUES         =           0,  OK.
 ---------------------------------


 L I N E A R   S T A T I C   C A S E S                                  10:41:06

 USING STIFFNESS AT ZERO (UNSTRESSED) INITIAL CONDITIONS

 TOTAL NUMBER OF CASES TO SOLVE            =           3
 NUMBER OF CASES TO SOLVE PER BLOCK        =           3

 LINEAR STATIC CASES TO BE SOLVED:

 CASE: DEAD
 CASE: LIVE
 CASE: ~LLRF


 E I G E N   M O D A L   A N A L Y S I S                                10:41:06

 CASE: MODAL

 USING STIFFNESS AT ZERO (UNSTRESSED) INITIAL CONDITIONS

 NUMBER OF STIFFNESS DEGREES OF FREEDOM    =         312
 NUMBER OF MASS DEGREES OF FREEDOM         =         104
 MAXIMUM NUMBER OF EIGEN MODES SOUGHT      =          12
 MINIMUM NUMBER OF EIGEN MODES SOUGHT      =           1
 NUMBER OF RESIDUAL-MASS MODES SOUGHT      =           0
 NUMBER OF SUBSPACE VECTORS USED           =          24
 RELATIVE CONVERGENCE TOLERANCE            =    1.00E-09

 FREQUENCY SHIFT  (CENTER) (CYC/TIME)      =     .000000
 FREQUENCY CUTOFF (RADIUS) (CYC/TIME)      =  -INFINITY-
 ALLOW AUTOMATIC FREQUENCY SHIFTING        =         YES


 Original stiffness at shift : EV= 0.0000000E+00, f=     .000000, T=  -INFINITY-
 Number of eigenvalues below shift =      0
 Found mode      1 of     12:  EV= 9.7487962E+02, f=    4.969305, T=    0.201235
 Found mode      2 of     12:  EV= 1.5333873E+03, f=    6.232267, T=    0.160455
 Found mode      3 of     12:  EV= 3.5827209E+03, f=    9.526352, T=    0.104972
 Found mode      4 of     12:  EV= 3.5827209E+03, f=    9.526352, T=    0.104972
 Found mode      5 of     12:  EV= 5.3947404E+03, f=   11.689755, T=    0.085545
 Found mode      6 of     12:  EV= 5.4713604E+03, f=   11.772475, T=    0.084944
 Found mode      7 of     12:  EV= 6.3232197E+03, f=   12.655790, T=    0.079015
 Found mode      8 of     12:  EV= 7.1164143E+03, f=   13.426127, T=    0.074482
 Found mode      9 of     12:  EV= 8.0703740E+03, f=   14.297726, T=    0.069941
 Found mode     10 of     12:  EV= 8.6011751E+03, f=   14.760431, T=    0.067749
 Found mode     11 of     12:  EV= 9.8167031E+03, f=   15.768957, T=    0.063416
 Found mode     12 of     12:  EV= 1.0739856E+04, f=   16.493748, T=    0.060629

 NUMBER OF EIGEN MODES FOUND               =          12
 NUMBER OF ITERATIONS PERFORMED            =           6
 NUMBER OF STIFFNESS SHIFTS                =           0


 A N A L Y S I S   C O M P L E T E                          2026/04/22  10:41:06
