

 ETABS Ultimate 64-bit 21.0.0 Build 3143 (Analysis Build 9932/64)
 File: C:\Users\Lenovo24\Desktop\ETABS\P1\BEAM AND COLOUM.LOG




 B E G I N   A N A L Y S I S                                2026/04/22  09:58:00


 RUNNING ANALYSIS AS A SEPARATE PROCESS
 USING THE ADVANCED SOLVER (PROVIDES LIMITED INSTABILITY INFORMATION)

 NUMBER OF JOINTS                          =          67
    WITH RESTRAINTS                        =          16
    WITH MASS                              =          67
 NUMBER OF FRAME/TENDON ELEMENTS           =         122
 NUMBER OF LOAD PATTERNS                   =           3
 NUMBER OF ACCELERATION LOADS              =           9
 NUMBER OF LOAD CASES                      =           4
 NUMBER OF MASS SOURCES                    =           1

 UNITS (FORCE, LENGTH, TEMPERATURE, TIME)  = lb, in, °F, sec
 GRAVITATIONAL ACCELERATION                =  386.088583

 ADDRESSABLE PHYSICAL MEMORY (RAM)         =      15.683 GB

 PARALLELIZATION OF ANALYSIS OPERATIONS:
  (Env. variable SAPFIRE_NUM_THREADS not set)
 NUMBER OF THREADS: STATE (AUTOMATIC)      =          12
 NUMBER OF THREADS: STIFFNESS (AUTOMATIC)  =          12
 NUMBER OF THREADS: EVENT (AUTOMATIC)      =          12
 NUMBER OF THREADS: MOVE (AUTOMATIC)       =          12
 NUMBER OF THREADS: RESPONSE (AUTOMATIC)   =          12
 NUMBER OF THREADS: SOLVE (AUTOMATIC)      =          12
 NUMBER OF THREADS: FORM (AUTOMATIC)       =          12


 E L E M E N T   F O R M A T I O N                                      09:58:00



 L I N E A R   E Q U A T I O N   S O L U T I O N                        09:58:00

 FORMING STIFFNESS AT ZERO (UNSTRESSED) INITIAL CONDITIONS

 TOTAL NUMBER OF EQUILIBRIUM EQUATIONS     =         354
 NUMBER OF NON-ZERO STIFFNESS TERMS        =        5271

 ---------------------------------
 BASIC STABILITY CHECK FOR LINEAR LOAD CASES:
    NUMBER OF NEGATIVE STIFFNESS EIGENVALUES SHOULD BE ZERO FOR STABILITY.
    (NOTE: FURTHER CHECKS SHOULD BE CONSIDERED AS DEEMED NECESSARY,
     SUCH AS REVIEWING EIGEN MODES FOR MECHANISMS AND RIGID-BODY MOTION)

    NUMBER OF NEGATIVE EIGENVALUES         =           0,  OK.
 ---------------------------------


 L I N E A R   S T A T I C   C A S E S                                  09:58:00

 USING STIFFNESS AT ZERO (UNSTRESSED) INITIAL CONDITIONS

 TOTAL NUMBER OF CASES TO SOLVE            =           3
 NUMBER OF CASES TO SOLVE PER BLOCK        =           3

 LINEAR STATIC CASES TO BE SOLVED:

 CASE: DEAD
 CASE: LIVE
 CASE: ~LLRF


 E I G E N   M O D A L   A N A L Y S I S                                09:58:00

 CASE: MODAL

 USING STIFFNESS AT ZERO (UNSTRESSED) INITIAL CONDITIONS

 NUMBER OF STIFFNESS DEGREES OF FREEDOM    =         354
 NUMBER OF MASS DEGREES OF FREEDOM         =         102
 MAXIMUM NUMBER OF EIGEN MODES SOUGHT      =          12
 MINIMUM NUMBER OF EIGEN MODES SOUGHT      =           1
 NUMBER OF RESIDUAL-MASS MODES SOUGHT      =           0
 NUMBER OF SUBSPACE VECTORS USED           =          24
 RELATIVE CONVERGENCE TOLERANCE            =    1.00E-09

 FREQUENCY SHIFT  (CENTER) (CYC/TIME)      =     .000000
 FREQUENCY CUTOFF (RADIUS) (CYC/TIME)      =  -INFINITY-
 ALLOW AUTOMATIC FREQUENCY SHIFTING        =         YES


 Original stiffness at shift : EV= 0.0000000E+00, f=     .000000, T=  -INFINITY-
 Number of eigenvalues below shift =      0
 Found mode      1 of     12:  EV= 1.3773234E+02, f=    1.867833, T=    0.535380
 Found mode      2 of     12:  EV= 1.4453158E+02, f=    1.913381, T=    0.522635
 Found mode      3 of     12:  EV= 1.6322445E+02, f=    2.033353, T=    0.491799
 Found mode      4 of     12:  EV= 1.8896728E+03, f=    6.918524, T=    0.144540
 Found mode      5 of     12:  EV= 2.2213949E+03, f=    7.501239, T=    0.133311
 Found mode      6 of     12:  EV= 2.2234351E+03, f=    7.504683, T=    0.133250
 Found mode      7 of     12:  EV= 2.5681648E+03, f=    8.065505, T=    0.123985
 Found mode      8 of     12:  EV= 3.7108441E+03, f=    9.695194, T=    0.103144
 Found mode      9 of     12:  EV= 4.0873265E+03, f=   10.175126, T=    0.098279
 Found mode     10 of     12:  EV= 4.2502799E+03, f=   10.375974, T=    0.096376
 Found mode     11 of     12:  EV= 6.2851117E+03, f=   12.617596, T=    0.079254
 Found mode     12 of     12:  EV= 6.6858662E+03, f=   13.013646, T=    0.076842

 NUMBER OF EIGEN MODES FOUND               =          12
 NUMBER OF ITERATIONS PERFORMED            =           8
 NUMBER OF STIFFNESS SHIFTS                =           0


 A N A L Y S I S   C O M P L E T E                          2026/04/22  09:58:00
