

 ETABS Ultimate 64-bit 21.0.0 Build 3143 (Analysis Build 9932/64)
 File: C:\Users\Lenovo24\Desktop\ETABS\P1\PROBLEM 1.LOG




 B E G I N   A N A L Y S I S                                2026/04/21  06:46:03


 RUNNING ANALYSIS AS A SEPARATE PROCESS
 USING THE ADVANCED SOLVER (PROVIDES LIMITED INSTABILITY INFORMATION)

 NUMBER OF JOINTS                          =           3
    WITH RESTRAINTS                        =           2
 NUMBER OF FRAME/TENDON ELEMENTS           =           2
 NUMBER OF LOAD PATTERNS                   =           3
 NUMBER OF ACCELERATION LOADS              =           9
 NUMBER OF LOAD CASES                      =           4
 NUMBER OF MASS SOURCES                    =           1

 UNITS (FORCE, LENGTH, TEMPERATURE, TIME)  = N, mm, °C, sec
 GRAVITATIONAL ACCELERATION                =    9806.650

 ADDRESSABLE PHYSICAL MEMORY (RAM)         =      15.683 GB

 PARALLELIZATION OF ANALYSIS OPERATIONS:
  (Env. variable SAPFIRE_NUM_THREADS not set)
 NUMBER OF THREADS: STATE (AUTOMATIC)      =          12
 NUMBER OF THREADS: STIFFNESS (AUTOMATIC)  =          12
 NUMBER OF THREADS: EVENT (AUTOMATIC)      =          12
 NUMBER OF THREADS: MOVE (AUTOMATIC)       =          12
 NUMBER OF THREADS: RESPONSE (AUTOMATIC)   =          12
 NUMBER OF THREADS: SOLVE (AUTOMATIC)      =          12
 NUMBER OF THREADS: FORM (AUTOMATIC)       =          12


 E L E M E N T   F O R M A T I O N                                      06:46:03



 L I N E A R   E Q U A T I O N   S O L U T I O N                        06:46:03

 FORMING STIFFNESS AT ZERO (UNSTRESSED) INITIAL CONDITIONS

 TOTAL NUMBER OF EQUILIBRIUM EQUATIONS     =          14
 NUMBER OF NON-ZERO STIFFNESS TERMS        =          90

 * * * W A R N I N G * * *
 THE STRUCTURE IS UNSTABLE OR ILL-CONDITIONED !!
 CHECK THE STRUCTURE CAREFULLY FOR:
 - INADEQUATE SUPPORT CONDITIONS, OR
 - ONE OR MORE INTERNAL MECHANISMS, OR
 - ZERO OR NEGATIVE STIFFNESS PROPERTIES, OR
 - EXTREMELY LARGE STIFFNESS PROPERTIES, OR
 - BUCKLING DUE TO P-DELTA OR GEOMETRIC NONLINEARITY, OR
 - A FREQUENCY SHIFT (IF ANY) ONTO A NATURAL FREQUENCY

 TO OBTAIN FURTHER INFORMATION:
 - USE THE STANDARD SOLVER, OR
 - RUN AN EIGEN ANALYSIS USING AUTO FREQUENCY SHIFTING (WITH
   ADDITIONAL MASS IF NEEDED) AND INVESTIGATE THE MODE SHAPES


 ---------------------------------
 BASIC STABILITY CHECK FOR LINEAR LOAD CASES:
    NUMBER OF NEGATIVE STIFFNESS EIGENVALUES SHOULD BE ZERO FOR STABILITY.
    (NOTE: FURTHER CHECKS SHOULD BE CONSIDERED AS DEEMED NECESSARY,
     SUCH AS REVIEWING EIGEN MODES FOR MECHANISMS AND RIGID-BODY MOTION)

    NUMBER OF NEGATIVE EIGENVALUES         =           1

 * * * W A R N I N G * * *
 THE STRUCTURE IS UNSTABLE OR ILL-CONDITIONED !!
 CHECK THE STRUCTURE CAREFULLY FOR:
 - INADEQUATE SUPPORT CONDITIONS, OR
 - ONE OR MORE INTERNAL MECHANISMS, OR
 - ZERO OR NEGATIVE STIFFNESS PROPERTIES, OR
 - EXTREMELY LARGE STIFFNESS PROPERTIES, OR
 - BUCKLING DUE TO P-DELTA OR GEOMETRIC NONLINEARITY, OR
 - A FREQUENCY SHIFT (IF ANY) ONTO A NATURAL FREQUENCY



 L I N E A R   S T A T I C   C A S E S                                  06:46:03

 USING STIFFNESS AT ZERO (UNSTRESSED) INITIAL CONDITIONS

 TOTAL NUMBER OF CASES TO SOLVE            =           3
 NUMBER OF CASES TO SOLVE PER BLOCK        =           3

 LINEAR STATIC CASES TO BE SOLVED:

 CASE: DEAD
 CASE: LIVE
 CASE: ~LLRF


 E I G E N   M O D A L   A N A L Y S I S                                06:46:03

 CASE: MODAL

 USING STIFFNESS AT ZERO (UNSTRESSED) INITIAL CONDITIONS

 NUMBER OF STIFFNESS DEGREES OF FREEDOM    =          14
 NUMBER OF MASS DEGREES OF FREEDOM         =           0
 MAXIMUM NUMBER OF EIGEN MODES SOUGHT      =          12
 MINIMUM NUMBER OF EIGEN MODES SOUGHT      =           1
 NUMBER OF RESIDUAL-MASS MODES SOUGHT      =           0
 NUMBER OF SUBSPACE VECTORS USED           =     9396948
 RELATIVE CONVERGENCE TOLERANCE            =    1.00E-09

 FREQUENCY SHIFT  (CENTER) (CYC/TIME)      =     .000000
 FREQUENCY CUTOFF (RADIUS) (CYC/TIME)      =  -INFINITY-
 ALLOW AUTOMATIC FREQUENCY SHIFTING        =         YES

 * * * W A R N I N G * * *
 THE STRUCTURE HAS NO (UNRESTRAINED) MASS; NO EIGEN MODES CAN BE FOUND


 * * * W A R N I N G * * *
 NO EIGEN MODES WERE FOUND



 A N A L Y S I S   C O M P L E T E                          2026/04/21  06:46:03
